<ul >
    <li>
                    
            <a href="http://example.com/foo#sub-title-level-2">
                Sub Title level 2
            </a>

            
                                                                    <ul>
                        <li>
                
                
                            
            <a href="http://example.com/foo#sub-sub-title-level-3">
                Sub Sub Title level 3
            </a>

                                </li>
                </ul>
            
                        </li>
</ul>
