<ul >
    <li>
                    
            <a href="#sub-title-level-2">
                Sub Title level 2
            </a>

            
                                                                    <ul>
                        <li>
                
                
                            
            <a href="#sub-sub-title-level-3">
                Sub Sub Title level 3
            </a>

            
                                                
                                        </li>
                    </ul>
                
                                    </li>
                    <li>
                            
            <a href="#other-sub-title-level-2">
                Other Sub Title level 2
            </a>

            
                                                                    <ul>
                        <li>
                
                
                            
            <a href="#sub-sub-title-level-3">
                Sub Sub Title level 3
            </a>

                                </li>
                </ul>
            
                        </li>
</ul>
