<meta name="twitter:card" content="summary" />

<meta property="og:type" content="website">
<meta property="og:title" content="Hello World" />

    <meta name="description" content="Blade components are awesome!">
    <meta property="og:description" content="Blade components are awesome!">

    <meta property="og:image" content="http://example.com/social.jpg" />

<meta property="og:url" content="http://localhost" />
<meta property="og:locale" content="en" />
