<span
    x-data="{
        element: this.$root,
        timestamp: 1589407200
    }"
    x-init="
        const timeZone = Intl.DateTimeFormat().resolvedOptions().timeZone;
        const date = moment.unix(this.timestamp).tz(timeZone);

        this.element.innerHTML = date.format('YYYY-MM-DD HH:mm:ss (z)');
    "
    title="2 hours from now"
    
>
    2020-05-13 23:00:00
</span>

