<div
    x-init="
        mapboxgl.accessToken = 'testing';
        var map = new mapboxgl.Map({&quot;container&quot;:&quot;map&quot;,&quot;style&quot;:&quot;mapbox:\/\/styles\/mapbox\/streets-v11&quot;});

                    new mapboxgl.Marker()
                .setLngLat([13.41053,52.52437])
                    .addTo(map);
            "
    id="map"
    
></div>
