<div wire:ignore>
    <textarea
        x-data="{
            easyMDE: null
        }"
        x-init="
            this.easyMDE = new EasyMDE({ element: $root , ...{&quot;forceSync&quot;:true,&quot;minHeight&quot;:&quot;500px&quot;} });

                    "
        name="about"
        id="about"
        
    ></textarea>
</div>
